Courtneys-MacBook-Air-2:gittest CourtneyWarren$ mkdir GitHubRepoAssignment
Courtneys-MacBook-Air-2:gittest CourtneyWarren$ cd GitHubRepoAssignment
Courtneys-MacBook-Air-2:GitHubRepoAssignment CourtneyWarren$ git init
Initialized empty Git repository in /Users/CourtneyWarren/Desktop/gittest/GitHubRepoAssignment/.git/
Courtneys-MacBook-Air-2:GitHubRepoAssignment CourtneyWarren$ touch readme.md
Courtneys-MacBook-Air-2:GitHubRepoAssignment CourtneyWarren$ git status
On branch master

Initial commit

Untracked files:
  (use "git add <file>..." to include in what will be committed)

	readme.md

nothing added to commit but untracked files present (use "git add" to track)
Courtneys-MacBook-Air-2:GitHubRepoAssignment CourtneyWarren$ git add .
Courtneys-MacBook-Air-2:GitHubRepoAssignment CourtneyWarren$ git commit -m "pushy"
[master (root-commit) 7de5f53] pushy
 1 file changed, 0 insertions(+), 0 deletions(-)
 create mode 100644 readme.md
Courtneys-MacBook-Air-2:GitHubRepoAssignment CourtneyWarren$ 
Courtneys-MacBook-Air-2:GitHubRepoAssignment CourtneyWarren$ git remote add origin https://github.com/cd-chicago-june-cohort/GitHubRepoAssigment.git
Courtneys-MacBook-Air-2:GitHubRepoAssignment CourtneyWarren$  git push -u origin master
Username for 'https://github.com': sozo2
Password for 'https://sozo2@github.com': 
Counting objects: 3, done.
Writing objects: 100% (3/3), 207 bytes | 0 bytes/s, done.
Total 3 (delta 0), reused 0 (delta 0)
To https://github.com/cd-chicago-june-cohort/GitHubRepoAssigment.git
 * [new branch]      master -> master
Branch master set up to track remote branch master from origin.
Courtneys-MacBook-Air-2:GitHubRepoAssignment CourtneyWarren$ touch GitHubRepoAssignment.txt
Courtneys-MacBook-Air-2:GitHubRepoAssignment CourtneyWarren$ 